Artemis Data Build Log
======================

Started  2026-07-16T07:34:57.225Z
Command  build
  workers        8
  raster         yes
  force          no
  source         .build-cache/zenodo-source/21295519/Source
  zenodo record  21295519
IIIF: GereduceerdeKadaster
--------------------------
  manifests           103
  canvases            222
  sprites             222
  analysis warnings   0
  analysis fixes      0
  simplified masks    0
  mask points before  0
  mask points after   0
  warped canvases     0
  raster              build/Layers/GereduceerdeKadaster/raster.pmtiles
  masks               0 (build/Layers/GereduceerdeKadaster/masks.geojson)
  geomaps             build/Layers/GereduceerdeKadaster/geomaps.json
  iiif:GereduceerdeKadaster duration  1m 39.1s

IIIF: PrimitiefKadaster
-----------------------
  manifests           185
  canvases            491
  sprites             491
  analysis warnings   16
  analysis fixes      34
  simplified masks    33
  mask points before  5107
  mask points after   4046
  warped canvases     0
  raster              build/Layers/PrimitiefKadaster/raster.pmtiles
  masks               0 (build/Layers/PrimitiefKadaster/masks.geojson)
  warning details     build/IIIFWarnings.log
  geomaps             build/Layers/PrimitiefKadaster/geomaps.json
  iiif:PrimitiefKadaster duration  2m 12.3s

IIIF: PrimitiefKadaster-verzamelbladen
--------------------------------------
  manifests           31
  canvases            37
  sprites             37
  analysis warnings   0
  analysis fixes      1
  simplified masks    1
  mask points before  448
  mask points after   344
  warped canvases     0
  raster              build/Layers/PrimitiefKadaster-verzamelbladen/raster.pmtiles
  masks               0 (build/Layers/PrimitiefKadaster-verzamelbladen/masks.geojson)
  warning details     build/IIIFWarnings.log
  geomaps             build/Layers/PrimitiefKadaster-verzamelbladen/geomaps.json
  iiif:PrimitiefKadaster-verzamelbladen duration  19.82s

IIIF Summary
------------
  layers              3
  manifests           319
  canvases            750
  sprites             750
  analysis warnings   16
  analysis fixes      35
  simplified masks    34
  mask points before  5555
  mask points after   4390
  warped canvases     0
  mask features       0
  warning details     build/IIIFWarnings.log
  iiif duration  4m 14.3s
  toponyms:Ferraris duration  168ms
  toponyms:Frickx duration  0ms
  toponyms:GereduceerdeKadaster duration  1ms
  toponyms:NGI1873 duration  1ms
  toponyms:NGI1904 duration  0ms
  toponyms:Popp duration  0ms
  toponyms:PrimitiefKadaster duration  62ms
  toponyms:Vandermaelen duration  0ms
  toponyms:Villaret duration  0ms

Toponyms Summary
----------------
  layers  3
  items   0
  toponyms duration  234ms
  parcels:PrimitiefKadaster-parcels duration  240ms

Parcels Summary
---------------
  layers          1
  polygons        0
  input points    0
  output points   0
  removed points  0
  parcels duration  241ms
  imagecollection:Massart duration  5.28s

Image Collection: Massart
-------------------------
  items                  60
  with coordinates       60
  navPlace coordinates   0
  paired coordinates     60
  with year              60
  missing identifiers    0
  duplicate identifiers  0
  index                  build/Image collections/Massart/Massart_index.json
  sprites                build/Image collections/Massart/Massart_sprites.webp

Image Collections Summary
-------------------------
  collections       1
  items             60
  with coordinates  60
  output            build/imagecollection.yaml
  imagecollections duration  5.29s

Baselayer
---------
  water   .build-cache/zenodo-source/21295519/Source/Baselayer_Water.geojson
  border  .build-cache/zenodo-source/21295519/Source/Baselayer_Border.geojson
  output  build/baselayer.pmtiles
  baselayer duration  5.86s
  layers duration  1.21s

About
-----
  logo images copied    6
  about logos resolved  6
  about.json published  yes
  about duration  2ms

Map services
------------
  map-services.yaml published  yes
  mapservices duration  1ms
