IIIF Warnings Log
=================

Started  2026-07-16T12:48:37.653Z
Command  iiif warnings GereduceerdeKadaster PrimitiefKadaster PrimitiefKadaster-verzamelbladen
IIIF Analysis: PrimitiefKadaster
--------------------------------
  manifest url  https://iiif.ghentcdh.ugent.be/iiif/manifests/primitief_kadaster:550_0001_000_02556_000
  manifest      ANTWERPEN - Sectie C
  canvas        https://iiif.ghentcdh.ugent.be/iiif/manifests/primitief_kadaster:550_0001_000_02556_000/canvas/550_0001_000_02556_000_0_0003
  skipped       no
  warnings      gcpoutlier: GCP 7 with resource coordinates [5429,3201] and geo coordinates [4.4140301,51.2157227] is possibly an outlier.
  possible fix  simplified-mask:72->59, repaired-mask-self-intersection:59->11

IIIF Analysis: PrimitiefKadaster
--------------------------------
  manifest url  https://iiif.ghentcdh.ugent.be/iiif/manifests/primitief_kadaster:550_0001_000_02556_000
  manifest      ANTWERPEN - Sectie C
  canvas        https://iiif.ghentcdh.ugent.be/iiif/manifests/primitief_kadaster:550_0001_000_02556_000/canvas/550_0001_000_02556_000_0_0005
  skipped       no
  warnings      gcpoutlier: GCP 3 with resource coordinates [3147,3896] and geo coordinates [4.4139629,51.2153268] is possibly an outlier. | polynomial1sheartoohigh: The shear is higher then 0.1 for a polynomial transformation.

IIIF Analysis: PrimitiefKadaster
--------------------------------
  manifest url  https://iiif.ghentcdh.ugent.be/iiif/manifests/primitief_kadaster:550_0001_000_02554_000
  manifest      ANTWERPEN - Sectie A
  canvas        https://iiif.ghentcdh.ugent.be/iiif/manifests/primitief_kadaster:550_0001_000_02554_000/canvas/550_0001_000_02554_000_0_0008
  skipped       no
  possible fix  clamped-mask-points:1, simplified-mask:183->163

IIIF Analysis: PrimitiefKadaster
--------------------------------
  manifest url  https://iiif.ghentcdh.ugent.be/iiif/manifests/primitief_kadaster:550_0001_000_02673_000
  manifest      BOOM - Sectie A
  canvas        https://iiif.ghentcdh.ugent.be/iiif/manifests/primitief_kadaster:550_0001_000_02673_000/canvas/550_0001_000_02673_000_0_0003
  skipped       no
  possible fix  clamped-mask-points:3, simplified-mask:35->30

IIIF Analysis: PrimitiefKadaster
--------------------------------
  manifest url  https://iiif.ghentcdh.ugent.be/iiif/manifests/primitief_kadaster:550_0001_000_02676_000
  manifest      BOOM - Sectie C
  canvas        https://iiif.ghentcdh.ugent.be/iiif/manifests/primitief_kadaster:550_0001_000_02676_000/canvas/550_0001_000_02676_000_0_0003
  skipped       no
  warnings      gcpoutlier: GCP 3 with resource coordinates [3504,1538] and geo coordinates [4.385761679295115,51.08436673990667] is possibly an outlier. | polynomial1sheartoohigh: The shear is higher then 0.1 for a polynomial transformation.

IIIF Analysis: PrimitiefKadaster
--------------------------------
  manifest url  https://iiif.ghentcdh.ugent.be/iiif/manifests/primitief_kadaster:550_0001_000_02687_000
  manifest      HINGENE - Sectie A
  canvas        https://iiif.ghentcdh.ugent.be/iiif/manifests/primitief_kadaster:550_0001_000_02687_000/canvas/550_0001_000_02687_000_0_0001
  skipped       no
  possible fix  clamped-mask-points:1, simplified-mask:104->81

IIIF Analysis: PrimitiefKadaster
--------------------------------
  manifest url  https://iiif.ghentcdh.ugent.be/iiif/manifests/primitief_kadaster:550_0001_000_03103_000
  manifest      Ruisbroek - Sectie B
  canvas        https://iiif.ghentcdh.ugent.be/iiif/manifests/primitief_kadaster:550_0001_000_03103_000/canvas/550_0001_000_03103_000_0_0002
  skipped       no
  possible fix  simplified-mask:110->91, repaired-mask-self-intersection:91->18

IIIF Analysis: PrimitiefKadaster
--------------------------------
  manifest url  https://iiif.ghentcdh.ugent.be/iiif/manifests/primitief_kadaster:550_0001_000_03266_000
  manifest      Blaasveld - Sectie A
  canvas        https://iiif.ghentcdh.ugent.be/iiif/manifests/primitief_kadaster:550_0001_000_03266_000/canvas/550_0001_000_03266_000_0_0001
  skipped       no
  possible fix  clamped-mask-points:2, simplified-mask:147->118

IIIF Analysis: PrimitiefKadaster
--------------------------------
  manifest url  https://iiif.ghentcdh.ugent.be/iiif/manifests/primitief_kadaster:550_0001_000_03322_000
  manifest      Zwijndrecht - Sectie E
  canvas        https://iiif.ghentcdh.ugent.be/iiif/manifests/primitief_kadaster:550_0001_000_03322_000/canvas/550_0001_000_03322_000_0_0001
  skipped       no
  possible fix  clamped-mask-points:2, simplified-mask:86->85

IIIF Analysis: PrimitiefKadaster
--------------------------------
  manifest url  https://iiif.ghentcdh.ugent.be/iiif/manifests/primitief_kadaster:550_0001_000_03318_000
  manifest      Zwijndrecht - Sectie A
  canvas        https://iiif.ghentcdh.ugent.be/iiif/manifests/primitief_kadaster:550_0001_000_03318_000/canvas/550_0001_000_03318_000_0_0003
  skipped       no
  possible fix  clamped-mask-points:1, simplified-mask:140->117

IIIF Analysis: PrimitiefKadaster
--------------------------------
  manifest url  https://iiif.ghentcdh.ugent.be/iiif/manifests/primitief_kadaster:550_0001_000_05918_000
  manifest      Berlare - Sectie A
  canvas        https://iiif.ghentcdh.ugent.be/iiif/manifests/primitief_kadaster:550_0001_000_05918_000/canvas/550_0001_000_05918_000_0_0002
  skipped       no
  possible fix  clamped-mask-points:2, simplified-mask:161->112

IIIF Analysis: PrimitiefKadaster
--------------------------------
  manifest url  https://iiif.ghentcdh.ugent.be/iiif/manifests/primitief_kadaster:550_0001_000_05919_000
  manifest      Berlare - Sectie B
  canvas        https://iiif.ghentcdh.ugent.be/iiif/manifests/primitief_kadaster:550_0001_000_05919_000/canvas/550_0001_000_05919_000_0_0002
  skipped       no
  possible fix  clamped-mask-points:2, simplified-mask:270->157

IIIF Analysis: PrimitiefKadaster
--------------------------------
  manifest url  https://iiif.ghentcdh.ugent.be/iiif/manifests/primitief_kadaster:550_0001_000_06002_000
  manifest      Buggenhout - Sectie C
  canvas        https://iiif.ghentcdh.ugent.be/iiif/manifests/primitief_kadaster:550_0001_000_06002_000/canvas/550_0001_000_06002_000_0_0001
  skipped       no
  possible fix  clamped-mask-points:1

IIIF Analysis: PrimitiefKadaster
--------------------------------
  manifest url  https://iiif.ghentcdh.ugent.be/iiif/manifests/primitief_kadaster:550_0001_000_06002_000
  manifest      Buggenhout - Sectie C
  canvas        https://iiif.ghentcdh.ugent.be/iiif/manifests/primitief_kadaster:550_0001_000_06002_000/canvas/550_0001_000_06002_000_0_0002
  skipped       no
  possible fix  clamped-mask-points:2, simplified-mask:258->228

IIIF Analysis: PrimitiefKadaster
--------------------------------
  manifest url  https://iiif.ghentcdh.ugent.be/iiif/manifests/primitief_kadaster:550_0001_000_06003_000
  manifest      Buggenhout - Sectie D
  canvas        https://iiif.ghentcdh.ugent.be/iiif/manifests/primitief_kadaster:550_0001_000_06003_000/canvas/550_0001_000_06003_000_0_0002
  skipped       no
  possible fix  clamped-mask-points:1, simplified-mask:118->94

IIIF Analysis: PrimitiefKadaster
--------------------------------
  manifest url  https://iiif.ghentcdh.ugent.be/iiif/manifests/primitief_kadaster:550_0001_000_06059_000
  manifest      Dendermonde - Sectie C
  canvas        https://iiif.ghentcdh.ugent.be/iiif/manifests/primitief_kadaster:550_0001_000_06059_000/canvas/550_0001_000_06059_000_0_0001
  skipped       no
  possible fix  clamped-mask-points:1, simplified-mask:155->118

IIIF Analysis: PrimitiefKadaster
--------------------------------
  manifest url  https://iiif.ghentcdh.ugent.be/iiif/manifests/primitief_kadaster:550_0001_000_06058_000
  manifest      Dendermonde - Sectie B
  canvas        https://iiif.ghentcdh.ugent.be/iiif/manifests/primitief_kadaster:550_0001_000_06058_000/canvas/550_0001_000_06058_000_0_0001
  skipped       no
  possible fix  clamped-mask-points:1, simplified-mask:163->119

IIIF Analysis: PrimitiefKadaster
--------------------------------
  manifest url  https://iiif.ghentcdh.ugent.be/iiif/manifests/primitief_kadaster:550_0001_000_06064_000
  manifest      Appels - Sectie B
  canvas        https://iiif.ghentcdh.ugent.be/iiif/manifests/primitief_kadaster:550_0001_000_06064_000/canvas/550_0001_000_06064_000_0_0001
  skipped       no
  possible fix  clamped-mask-points:2, simplified-mask:175->149

IIIF Analysis: PrimitiefKadaster
--------------------------------
  manifest url  https://iiif.ghentcdh.ugent.be/iiif/manifests/primitief_kadaster:550_0001_000_06063_000
  manifest      Appels - Sectie A
  canvas        https://iiif.ghentcdh.ugent.be/iiif/manifests/primitief_kadaster:550_0001_000_06063_000/canvas/550_0001_000_06063_000_0_0001
  skipped       no
  possible fix  clamped-mask-points:1, simplified-mask:174->139

IIIF Analysis: PrimitiefKadaster
--------------------------------
  manifest url  https://iiif.ghentcdh.ugent.be/iiif/manifests/primitief_kadaster:550_0001_000_06067_000
  manifest      Sint-Gillis-bij-Dendermonde - Sectie B
  canvas        https://iiif.ghentcdh.ugent.be/iiif/manifests/primitief_kadaster:550_0001_000_06067_000/canvas/550_0001_000_06067_000_0_0001
  skipped       no
  possible fix  clamped-mask-points:1, simplified-mask:250->166

IIIF Analysis: PrimitiefKadaster
--------------------------------
  manifest url  https://iiif.ghentcdh.ugent.be/iiif/manifests/primitief_kadaster:550_0001_000_06060_000
  manifest      Dendermonde - Sectie D
  canvas        https://iiif.ghentcdh.ugent.be/iiif/manifests/primitief_kadaster:550_0001_000_06060_000/canvas/550_0001_000_06060_000_0_0002
  skipped       no
  possible fix  clamped-mask-points:4, simplified-mask:182->155

IIIF Analysis: PrimitiefKadaster
--------------------------------
  manifest url  https://iiif.ghentcdh.ugent.be/iiif/manifests/primitief_kadaster:550_0001_000_06066_000
  manifest      Sint-Gillis-bij-Dendermonde - Sectie A
  canvas        https://iiif.ghentcdh.ugent.be/iiif/manifests/primitief_kadaster:550_0001_000_06066_000/canvas/550_0001_000_06066_000_0_0002
  skipped       no
  possible fix  clamped-mask-points:2, simplified-mask:125->102

IIIF Analysis: PrimitiefKadaster
--------------------------------
  manifest url  https://iiif.ghentcdh.ugent.be/iiif/manifests/primitief_kadaster:550_0001_000_06071_000
  manifest      Grembergen - Sectie A
  canvas        https://iiif.ghentcdh.ugent.be/iiif/manifests/primitief_kadaster:550_0001_000_06071_000/canvas/550_0001_000_06071_000_0_0002
  skipped       no
  possible fix  clamped-mask-points:1, simplified-mask:216->156

IIIF Analysis: PrimitiefKadaster
--------------------------------
  manifest url  https://iiif.ghentcdh.ugent.be/iiif/manifests/primitief_kadaster:550_0001_000_06078_000
  manifest      Oudegem - Sectie A
  canvas        https://iiif.ghentcdh.ugent.be/iiif/manifests/primitief_kadaster:550_0001_000_06078_000/canvas/550_0001_000_06078_000_0_0001
  skipped       no
  warnings      gcpoutlier: GCP 13 with resource coordinates [-336,-1182] and geo coordinates [4.034162408306656,51.01336476119397] is possibly an outlier.

IIIF Analysis: PrimitiefKadaster
--------------------------------
  manifest url  https://iiif.ghentcdh.ugent.be/iiif/manifests/primitief_kadaster:550_0001_000_06201_000
  manifest      Sint-Amandsberg - Sectie A
  canvas        https://iiif.ghentcdh.ugent.be/iiif/manifests/primitief_kadaster:550_0001_000_06201_000/canvas/550_0001_000_06201_000_0_0002
  skipped       no
  warnings      polynomial1sheartoohigh: The shear is higher then 0.1 for a polynomial transformation.

IIIF Analysis: PrimitiefKadaster
--------------------------------
  manifest url  https://iiif.ghentcdh.ugent.be/iiif/manifests/primitief_kadaster:550_0001_000_06205_000
  manifest      Ledeberg - Sectie A
  canvas        https://iiif.ghentcdh.ugent.be/iiif/manifests/primitief_kadaster:550_0001_000_06205_000/canvas/550_0001_000_06205_000_0_0001
  skipped       no
  warnings      gcpoutlier: GCP 4 with resource coordinates [9637,4300] and geo coordinates [3.745262678482476,51.03959820168322] is possibly an outlier. | polynomial1sheartoohigh: The shear is higher then 0.1 for a polynomial transformation.

IIIF Analysis: PrimitiefKadaster
--------------------------------
  manifest url  https://iiif.ghentcdh.ugent.be/iiif/manifests/primitief_kadaster:550_0001_000_06361_000
  manifest      Kruibeke - Sectie C
  canvas        https://iiif.ghentcdh.ugent.be/iiif/manifests/primitief_kadaster:550_0001_000_06361_000/canvas/550_0001_000_06361_000_0_0002
  skipped       no
  possible fix  clamped-mask-points:1, simplified-mask:302->261

IIIF Analysis: PrimitiefKadaster
--------------------------------
  manifest url  https://iiif.ghentcdh.ugent.be/iiif/manifests/primitief_kadaster:550_0001_000_06359_000
  manifest      Kruibeke - Sectie A
  canvas        https://iiif.ghentcdh.ugent.be/iiif/manifests/primitief_kadaster:550_0001_000_06359_000/canvas/550_0001_000_06359_000_0_0003
  skipped       no
  possible fix  clamped-mask-points:1, simplified-mask:87->79

IIIF Analysis: PrimitiefKadaster
--------------------------------
  manifest url  https://iiif.ghentcdh.ugent.be/iiif/manifests/primitief_kadaster:550_0001_000_06359_000
  manifest      Kruibeke - Sectie A
  canvas        https://iiif.ghentcdh.ugent.be/iiif/manifests/primitief_kadaster:550_0001_000_06359_000/canvas/550_0001_000_06359_000_0_0004
  skipped       no
  possible fix  clamped-mask-points:1, simplified-mask:73->63

IIIF Analysis: PrimitiefKadaster
--------------------------------
  manifest url  https://iiif.ghentcdh.ugent.be/iiif/manifests/primitief_kadaster:550_0001_000_06363_000
  manifest      Bazel - Sectie A
  canvas        https://iiif.ghentcdh.ugent.be/iiif/manifests/primitief_kadaster:550_0001_000_06363_000/canvas/550_0001_000_06363_000_0_0002
  skipped       no
  possible fix  clamped-mask-points:4, simplified-mask:278->245

IIIF Analysis: PrimitiefKadaster
--------------------------------
  manifest url  https://iiif.ghentcdh.ugent.be/iiif/manifests/primitief_kadaster:550_0001_000_06364_000
  manifest      Bazel - Sectie B
  canvas        https://iiif.ghentcdh.ugent.be/iiif/manifests/primitief_kadaster:550_0001_000_06364_000/canvas/550_0001_000_06364_000_0_0002
  skipped       no
  possible fix  clamped-mask-points:1, simplified-mask:82->74

IIIF Analysis: PrimitiefKadaster
--------------------------------
  manifest url  https://iiif.ghentcdh.ugent.be/iiif/manifests/primitief_kadaster:550_0001_000_06363_000
  manifest      Bazel - Sectie A
  canvas        https://iiif.ghentcdh.ugent.be/iiif/manifests/primitief_kadaster:550_0001_000_06363_000/canvas/550_0001_000_06363_000_0_0004
  skipped       no
  possible fix  clamped-mask-points:2, simplified-mask:98->94

IIIF Analysis: PrimitiefKadaster
--------------------------------
  manifest url  https://iiif.ghentcdh.ugent.be/iiif/manifests/primitief_kadaster:550_0001_000_06364_000
  manifest      Bazel - Sectie B
  canvas        https://iiif.ghentcdh.ugent.be/iiif/manifests/primitief_kadaster:550_0001_000_06364_000/canvas/550_0001_000_06364_000_0_0003
  skipped       no
  possible fix  clamped-mask-points:1, simplified-mask:67->65

IIIF Analysis: PrimitiefKadaster
--------------------------------
  manifest url  https://iiif.ghentcdh.ugent.be/iiif/manifests/primitief_kadaster:550_0001_000_06385_000
  manifest      Kalken - Sectie C-D
  canvas        https://iiif.ghentcdh.ugent.be/iiif/manifests/primitief_kadaster:550_0001_000_06385_000/canvas/550_0001_000_06385_000_0_0001
  skipped       no
  warnings      gcpoutlier: GCP 4 with resource coordinates [4179,2885] and geo coordinates [3.9165150884544175,51.039075207424105] is possibly an outlier. | gcpoutlier: GCP 10 with resource coordinates [10984,4279] and geo coordinates [3.923555848664933,51.03692553105154] is possibly an outlier. | destinationpolynomial1rmsetoohigh: The RMSE is higher then 0.05 times the map diameter for a polynomial transformation.
  possible fix  simplified-mask:254->181, removed-duplicate-geo-gcp:1

IIIF Analysis: PrimitiefKadaster
--------------------------------
  manifest url  https://iiif.ghentcdh.ugent.be/iiif/manifests/primitief_kadaster:550_0001_000_06508_000
  manifest      Melle - Sectie A
  canvas        https://iiif.ghentcdh.ugent.be/iiif/manifests/primitief_kadaster:550_0001_000_06508_000/canvas/550_0001_000_06508_000_0_0001
  skipped       no
  possible fix  clamped-mask-points:1, simplified-mask:144->90

IIIF Analysis: PrimitiefKadaster
--------------------------------
  manifest url  https://iiif.ghentcdh.ugent.be/iiif/manifests/primitief_kadaster:550_0001_000_06505_000
  manifest      Melle - Sectie B
  canvas        https://iiif.ghentcdh.ugent.be/iiif/manifests/primitief_kadaster:550_0001_000_06505_000/canvas/550_0001_000_06505_000_0_0002
  skipped       no
  warnings      gcpoutlier: GCP 1 with resource coordinates [9329,6603] and geo coordinates [3.809749746696866,50.99878251346942] is possibly an outlier. | gcpoutlier: GCP 3 with resource coordinates [8282,7099] and geo coordinates [3.8111750921053726,50.99455406332737] is possibly an outlier. | polynomial1sheartoohigh: The shear is higher then 0.1 for a polynomial transformation. | twoomegadistortiontoohigh: The angular (twoOmega) distortion is higher then 0.5.
  possible fix  clamped-mask-points:4, simplified-mask:134->107

IIIF Analysis: PrimitiefKadaster
--------------------------------
  manifest url  https://iiif.ghentcdh.ugent.be/iiif/manifests/primitief_kadaster:550_0001_000_06747_000
  manifest      Temse - Sectie A
  canvas        https://iiif.ghentcdh.ugent.be/iiif/manifests/primitief_kadaster:550_0001_000_06747_000/canvas/550_0001_000_06747_000_0_0001
  skipped       no
  possible fix  clamped-mask-points:1, simplified-mask:95->87

IIIF Analysis: PrimitiefKadaster
--------------------------------
  manifest url  https://iiif.ghentcdh.ugent.be/iiif/manifests/primitief_kadaster:550_0001_000_06752_000
  manifest      Steendorp - Sectie C
  canvas        https://iiif.ghentcdh.ugent.be/iiif/manifests/primitief_kadaster:550_0001_000_06752_000/canvas/550_0001_000_06752_000_0_0001
  skipped       no
  possible fix  clamped-mask-points:2, simplified-mask:68->67

IIIF Analysis: PrimitiefKadaster
--------------------------------
  manifest url  https://iiif.ghentcdh.ugent.be/iiif/manifests/primitief_kadaster:550_0001_000_06775_000
  manifest      Wetteren - Sectie B
  canvas        https://iiif.ghentcdh.ugent.be/iiif/manifests/primitief_kadaster:550_0001_000_06775_000/canvas/550_0001_000_06775_000_0_0001
  skipped       no
  possible fix  clamped-mask-points:2, simplified-mask:213->155

IIIF Analysis: PrimitiefKadaster
--------------------------------
  manifest url  https://iiif.ghentcdh.ugent.be/iiif/manifests/primitief_kadaster:550_0001_000_06790_000
  manifest      Wichelen - Sectie C
  canvas        https://iiif.ghentcdh.ugent.be/iiif/manifests/primitief_kadaster:550_0001_000_06790_000/canvas/550_0001_000_06790_000_0_0001
  skipped       no
  possible fix  clamped-mask-points:1, simplified-mask:174->124

IIIF Analysis: PrimitiefKadaster-verzamelbladen
-----------------------------------------------
  manifest url  https://iiif.ghentcdh.ugent.be/iiif/manifests/primitief_kadaster:550_0001_000_06288_000
  manifest      Hamme - Verzamelplan
  canvas        https://iiif.ghentcdh.ugent.be/iiif/manifests/primitief_kadaster:550_0001_000_06288_000/canvas/550_0001_000_06288_000_0_0001
  skipped       no
  possible fix  clamped-mask-points:4, simplified-mask:448->344
